// Jest Snapshot v1, https://goo.gl/fbAQLP

exports[`The Monitoring stack matches the snapshot 1`] = `
Object {
  "Parameters": Object {
    "DistributionBucketName": Object {
      "Default": "/account/services/artifact.bucket",
      "Description": "SSM parameter containing the S3 bucket name holding distribution artifacts",
      "Type": "AWS::SSM::Parameter::Value<String>",
    },
    "Stage": Object {
      "AllowedValues": Array [
        "CODE",
        "PROD",
      ],
      "Default": "CODE",
      "Description": "Stage name",
      "Type": "String",
    },
  },
  "Resources": Object {
    "cmpmonitoring2CD05B94": Object {
      "DependsOn": Array [
        "cmpmonitoringServiceRoleDefaultPolicy19C1C252",
        "cmpmonitoringServiceRole3F7FDCEC",
      ],
      "Properties": Object {
        "Code": Object {
          "S3Bucket": Object {
            "Ref": "DistributionBucketName",
          },
          "S3Key": Object {
            "Fn::Join": Array [
              "",
              Array [
                "cmp-monitoring/",
                Object {
                  "Ref": "Stage",
                },
                "/cmp-monitoring-",
                Object {
                  "Ref": "Stage",
                },
                "/cmp-monitoring-eu-west-1.zip",
              ],
            ],
          },
        },
        "Environment": Object {
          "Variables": Object {
            "APP": Object {
              "Fn::Join": Array [
                "",
                Array [
                  "cmp-monitoring-",
                  Object {
                    "Ref": "Stage",
                  },
                ],
              ],
            },
            "STACK": "cmp-monitoring",
            "STAGE": Object {
              "Ref": "Stage",
            },
          },
        },
        "FunctionName": Object {
          "Fn::Join": Array [
            "",
            Array [
              "cmp-monitoring-",
              Object {
                "Ref": "Stage",
              },
            ],
          ],
        },
        "Handler": "index.handler",
        "MemorySize": 1024,
        "Role": Object {
          "Fn::GetAtt": Array [
            "cmpmonitoringServiceRole3F7FDCEC",
            "Arn",
          ],
        },
        "Runtime": "nodejs14.x",
        "Tags": Array [
          Object {
            "Key": "App",
            "Value": Object {
              "Fn::Join": Array [
                "",
                Array [
                  "cmp-monitoring-",
                  Object {
                    "Ref": "Stage",
                  },
                ],
              ],
            },
          },
          Object {
            "Key": "gu:cdk:version",
            "Value": "TEST",
          },
          Object {
            "Key": "gu:repo",
            "Value": "guardian/consent-management-platform",
          },
          Object {
            "Key": "Stack",
            "Value": "cmp-monitoring",
          },
          Object {
            "Key": "Stage",
            "Value": Object {
              "Ref": "Stage",
            },
          },
        ],
        "Timeout": 300,
      },
      "Type": "AWS::Lambda::Function",
    },
    "cmpmonitoringServiceRole3F7FDCEC": Object {
      "Properties": Object {
        "AssumeRolePolicyDocument": Object {
          "Statement": Array [
            Object {
              "Action": "sts:AssumeRole",
              "Effect": "Allow",
              "Principal": Object {
                "Service": "lambda.amazonaws.com",
              },
            },
          ],
          "Version": "2012-10-17",
        },
        "ManagedPolicyArns": Array [
          Object {
            "Fn::Join": Array [
              "",
              Array [
                "arn:",
                Object {
                  "Ref": "AWS::Partition",
                },
                ":iam::aws:policy/service-role/AWSLambdaBasicExecutionRole",
              ],
            ],
          },
        ],
        "Tags": Array [
          Object {
            "Key": "App",
            "Value": Object {
              "Fn::Join": Array [
                "",
                Array [
                  "cmp-monitoring-",
                  Object {
                    "Ref": "Stage",
                  },
                ],
              ],
            },
          },
          Object {
            "Key": "gu:cdk:version",
            "Value": "TEST",
          },
          Object {
            "Key": "gu:repo",
            "Value": "guardian/consent-management-platform",
          },
          Object {
            "Key": "Stack",
            "Value": "cmp-monitoring",
          },
          Object {
            "Key": "Stage",
            "Value": Object {
              "Ref": "Stage",
            },
          },
        ],
      },
      "Type": "AWS::IAM::Role",
    },
    "cmpmonitoringServiceRoleDefaultPolicy19C1C252": Object {
      "Properties": Object {
        "PolicyDocument": Object {
          "Statement": Array [
            Object {
              "Action": Array [
                "s3:GetObject*",
                "s3:GetBucket*",
                "s3:List*",
              ],
              "Effect": "Allow",
              "Resource": Array [
                Object {
                  "Fn::Join": Array [
                    "",
                    Array [
                      "arn:",
                      Object {
                        "Ref": "AWS::Partition",
                      },
                      ":s3:::",
                      Object {
                        "Ref": "DistributionBucketName",
                      },
                    ],
                  ],
                },
                Object {
                  "Fn::Join": Array [
                    "",
                    Array [
                      "arn:",
                      Object {
                        "Ref": "AWS::Partition",
                      },
                      ":s3:::",
                      Object {
                        "Ref": "DistributionBucketName",
                      },
                      "/*",
                    ],
                  ],
                },
              ],
            },
            Object {
              "Action": "ssm:GetParametersByPath",
              "Effect": "Allow",
              "Resource": Object {
                "Fn::Join": Array [
                  "",
                  Array [
                    "arn:aws:ssm:",
                    Object {
                      "Ref": "AWS::Region",
                    },
                    ":",
                    Object {
                      "Ref": "AWS::AccountId",
                    },
                    ":parameter/",
                    Object {
                      "Ref": "Stage",
                    },
                    "/cmp-monitoring/cmp-monitoring-",
                    Object {
                      "Ref": "Stage",
                    },
                  ],
                ],
              },
            },
            Object {
              "Action": Array [
                "ssm:GetParameters",
                "ssm:GetParameter",
              ],
              "Effect": "Allow",
              "Resource": Object {
                "Fn::Join": Array [
                  "",
                  Array [
                    "arn:aws:ssm:",
                    Object {
                      "Ref": "AWS::Region",
                    },
                    ":",
                    Object {
                      "Ref": "AWS::AccountId",
                    },
                    ":parameter/",
                    Object {
                      "Ref": "Stage",
                    },
                    "/cmp-monitoring/cmp-monitoring-",
                    Object {
                      "Ref": "Stage",
                    },
                    "/*",
                  ],
                ],
              },
            },
          ],
          "Version": "2012-10-17",
        },
        "PolicyName": "cmpmonitoringServiceRoleDefaultPolicy19C1C252",
        "Roles": Array [
          Object {
            "Ref": "cmpmonitoringServiceRole3F7FDCEC",
          },
        ],
      },
      "Type": "AWS::IAM::Policy",
    },
  },
}
`;
